<?xml version="1.0" encoding="UTF-8" standalone="yes"?>
<project xmlns="http://maven.apache.org/POM/4.0.0" xmlns:xsi="http://www.w3.org/2001/XMLSchema-instance" xsi:schemaLocation="http://maven.apache.org/POM/4.0.0 http://maven.apache.org/maven-v4_0_0.xsd">
  <modelVersion>4.0.0</modelVersion>
  <groupId>org</groupId>
  <artifactId>thing</artifactId>
  <packaging>jar</packaging>
  <name>thing</name>
  <version>1.2.3</version>
  <properties>
    <java.version>1.8</java.version>
    <maven.compiler.source>${java.version}</maven.compiler.source>
    <maven.compiler.target>${java.version}</maven.compiler.target>
    <project.build.sourceEncoding>UTF-8</project.build.sourceEncoding>
    <springdoc.version>1.6.14</springdoc.version>
  </properties>
  <parent>
    <groupId>org.springframework.boot</groupId>
    <artifactId>spring-boot-starter-parent</artifactId>
    <version>2.7.6</version>
    <relativePath/>
  </parent>
  <build>
    <sourceDirectory>src/main/java</sourceDirectory>
    <extensions>
      <extension>
        <groupId>com.google.cloud.artifactregistry</groupId>
        <artifactId>artifactregistry-maven-wagon</artifactId>
        <version>2.2.0</version>
      </extension>
    </extensions>
  </build>
  <dependencyManagement>
    <dependencies>
      <dependency>
        <groupId>org.springframework.cloud</groupId>
        <artifactId>spring-cloud-starter-parent</artifactId>
        <version>2021.0.5</version>
        <type>pom</type>
        <scope>import</scope>
      </dependency>
    </dependencies>
  </dependencyManagement>
  <dependencies>
    <dependency>
      <groupId>org.springdoc</groupId>
      <artifactId>springdoc-openapi-ui</artifactId>
      <version>${springdoc.version}</version>
    </dependency>
    <dependency>
      <groupId>com.google.code.findbugs</groupId>
      <artifactId>jsr305</artifactId>
      <version>3.0.2</version>
    </dependency>
    <dependency>
      <groupId>org.springframework.cloud</groupId>
      <artifactId>spring-cloud-starter-openfeign</artifactId>
    </dependency>
    <dependency>
      <groupId>org.springframework.security</groupId>
      <artifactId>spring-security-oauth2-client</artifactId>
      <version>5.7.8</version>
    </dependency>
    <dependency>
      <groupId>com.fasterxml.jackson.datatype</groupId>
      <artifactId>jackson-datatype-jsr310</artifactId>
    </dependency>
    <dependency>
      <groupId>org.openapitools</groupId>
      <artifactId>jackson-databind-nullable</artifactId>
      <version>0.2.6</version>
    </dependency>
    <dependency>
      <groupId>org.springframework.boot</groupId>
      <artifactId>spring-boot-starter-validation</artifactId>
    </dependency>
    <dependency>
      <groupId>org.springframework.data</groupId>
      <artifactId>spring-data-commons</artifactId>
    </dependency>
    <dependency>
      <groupId>org.springframework.boot</groupId>
      <artifactId>spring-boot-starter-test</artifactId>
      <scope>test</scope>
    </dependency>
    <dependency>
      <groupId>org.projectlombok</groupId>
      <artifactId>lombok</artifactId>
      <version>1.18.30</version>
      <scope>provided</scope>
    </dependency>
  </dependencies>
  <distributionManagement>
    <snapshotRepository>
      <id>artifact-registry</id>
      <url>artifactregistry://maven.pkg.dev/foobarbaz/maven-packages</url>
    </snapshotRepository>
    <repository>
      <id>artifact-registry</id>
      <url>artifactregistry://maven.pkg.dev/foobarbaz/maven-packages</url>
    </repository>
  </distributionManagement>
  <repositories>
    <repository>
      <id>artifact-registry</id>
      <url>artifactregistry://maven.pkg.dev/foobarbaz/maven-packages</url>
      <releases>
        <enabled>true</enabled>
      </releases>
      <snapshots>
        <enabled>true</enabled>
      </snapshots>
    </repository>
  </repositories>
</project>